
> test:redirects
> node tools/test-redirects.mjs

redirect tests passed

> test:product-pages
> node tools/validate-product-pages.mjs

validated 10 product pages

> test:app-icons
> npm run assets:index && node tools/test-app-icons.mjs


> assets:index
> node tools/build-asset-manifest.mjs && node tools/append-app-icon-runtime.mjs

BassThermal asset manifest
public/assets/apps scanned

coptic-dictionary
  icon: yes (/assets/apps/coptic-dictionary/android/icon.png)
  android screenshots: 3
  windows screenshots: 2
  web screenshots: 0

courselab-beam
  icon: yes (/assets/apps/courselab-beam/app.png)
  android screenshots: 0
  windows screenshots: 0
  web screenshots: 0

docbatch-pdf-converter
  icon: yes (/assets/apps/docbatch-pdf-converter/app.png)
  android screenshots: 0
  windows screenshots: 0
  web screenshots: 0

dualticker
  icon: yes (/assets/apps/dualticker/android/icon.png)
  android screenshots: 0
  windows screenshots: 0
  web screenshots: 0

favicon-harvester
  icon: yes (/assets/apps/favicon-harvester/app.png)
  android screenshots: 0
  windows screenshots: 0
  web screenshots: 0

icon-pack-builder
  icon: yes (/assets/apps/icon-pack-builder/icon.png)
  android screenshots: 0
  windows screenshots: 2
  web screenshots: 0

isbn-manager
  icon: yes (/assets/apps/isbn-manager/icon.png)
  android screenshots: 0
  windows screenshots: 0
  web screenshots: 0

retrofy
  icon: yes (/assets/apps/retrofy/android/icon.png)
  android screenshots: 3
  windows screenshots: 0
  web screenshots: 0

rss-crawler
  icon: yes (/assets/apps/rss-crawler/icon.png)
  android screenshots: 0
  windows screenshots: 0
  web screenshots: 0

website-image-inventory
  icon: yes (/assets/apps/website-image-inventory/app.png)
  android screenshots: 0
  windows screenshots: 0
  web screenshots: 0

Warnings:
- normalized weird image file to /assets/app-preview-cache/coptic-dictionary/windows/001.jpg from coptic-dictionary/windows/apps.27766.14621419081636427.da73c67a-8402-49b6-9745-ee72bcc74024.1ec4df1e-d761-4b28-8a16-dff9502856d1

Generated public/store-assets.generated.js
app icon tests passed

> test:terminal-visits
> node tools/test-terminal-visits.mjs

terminal visits tests passed
(node:2484) [MODULE_TYPELESS_PACKAGE_JSON] Warning: Module type of file:///home/runner/work/bassthermal/bassthermal/src/worker.js is not specified and it doesn't parse as CommonJS.
Reparsing as ES module because module syntax was detected. This incurs a performance overhead.
To eliminate this warning, add "type": "module" to /home/runner/work/bassthermal/bassthermal/package.json.
(Use `node --trace-warnings ...` to show where the warning was created)
